[2024-11-09T12:51:49.165Z] 找到热点: 时光荏苒
[2024-11-09T12:51:54.163Z] 连接热点: 时光荏苒
[2024-11-09T12:52:33.916Z] 找到热点: 时光荏苒
[2024-11-09T12:52:35.383Z] 连接热点: 时光荏苒
[2024-11-09T12:55:04.402Z] 找到热点: 时光荏苒
[2024-11-09T12:55:07.212Z] 连接热点: 时光荏苒
[2024-11-09T12:55:19.174Z] ————————————————————————————————————————————————————————————————————————
[2024-11-09T12:55:19.174Z] 未找到结果
[2024-11-09T12:56:21.246Z] 找到热点: 时光荏苒
[2024-11-09T12:56:23.380Z] 连接热点: 时光荏苒
[2024-11-09T12:58:28.857Z] 未找到结果
[2024-11-09T12:58:28.857Z] ————————————————————————————————————————————————————————————————————————
[2024-11-09T12:58:40.014Z] 找到热点: 时光荏苒
[2024-11-09T12:59:00.805Z] 找到热点: 时光荏苒
[2024-11-09T12:59:03.348Z] 连接热点: 时光荏苒
[2024-11-09T12:59:57.597Z] 未找到结果
[2024-11-09T12:59:57.597Z] ————————————————————————————————————————————————————————————————————————
[2024-11-09T12:59:59.327Z] 找到热点: 时光荏苒
[2024-11-09T13:00:01.743Z] 连接热点: 时光荏苒
[2024-11-09T13:00:44.541Z] 找到热点: 时光荏苒
[2024-11-09T13:00:46.911Z] 连接热点: 时光荏苒
[2024-11-09T13:00:59.162Z] ————————————————————————————————————————————————————————————————————————
[2024-11-09T13:00:59.162Z] 查看结果
[2024-11-09T13:01:00.930Z] 找到热点: 时光荏苒
[2024-11-09T13:01:03.080Z] 连接热点: 时光荏苒
[2024-11-09T13:01:14.945Z] ————————————————————————————————————————————————————————————————————————
[2024-11-09T13:01:14.944Z] 查看结果
[2024-11-09T13:01:16.695Z] 找到热点: 时光荏苒
[2024-11-09T13:01:19.054Z] 连接热点: 时光荏苒
[2024-11-09T13:01:30.813Z] ————————————————————————————————————————————————————————————————————————
[2024-11-09T13:01:30.813Z] 查看结果
[2024-11-09T13:01:32.604Z] 找到热点, 重新尝试...
[2024-11-09T13:01:37.800Z] 找到热点, 重新尝试...
[2024-11-09T13:01:43.015Z] 找到热点: 时光荏苒
[2024-11-09T13:01:53.604Z] 连接热点: 时光荏苒
[2024-11-09T13:02:08.158Z] ————————————————————————————————————————————————————————————————————————
[2024-11-09T13:02:08.158Z] 查看结果
[2024-11-09T13:02:10.132Z] 找到热点: 时光荏苒
[2024-11-09T13:02:14.234Z] 连接热点: 时光荏苒
[2024-11-09T13:02:49.916Z] 找到热点: 时光荏苒
[2024-11-09T13:02:51.319Z] 连接热点: 时光荏苒
[2024-11-09T13:03:01.545Z] 查看结果
[2024-11-09T13:03:01.545Z] ————————————————————————————————————————————————————————————————————————
[2024-11-09T13:03:03.263Z] 找到热点: 时光荏苒
[2024-11-09T13:03:05.449Z] 连接热点: 时光荏苒
[2024-11-09T13:03:17.479Z] 查看结果
[2024-11-09T13:03:17.479Z] ————————————————————————————————————————————————————————————————————————
[2024-11-09T13:03:19.188Z] 找到热点: 时光荏苒
[2024-11-09T13:03:21.420Z] 连接热点: 时光荏苒
[2024-11-09T13:03:50.812Z] 查看结果
[2024-11-09T13:03:50.812Z] ————————————————————————————————————————————————————————————————————————
[2024-11-09T13:03:51.040Z] 找到热点, 重新尝试...
[2024-11-09T13:03:56.238Z] 找到热点, 重新尝试...
[2024-11-09T13:04:01.444Z] 找到热点, 重新尝试...
[2024-11-09T13:04:06.656Z] 找到热点: 时光荏苒
[2024-11-09T13:04:08.892Z] 连接热点: 时光荏苒
[2024-11-09T13:04:20.834Z] 查看结果
[2024-11-09T13:04:20.834Z] ————————————————————————————————————————————————————————————————————————
[2024-11-09T13:04:22.583Z] 找到热点, 重新尝试...
[2024-11-09T13:04:27.748Z] 找到热点, 重新尝试...
[2024-11-09T13:04:33.210Z] 找到热点: 时光荏苒
[2024-11-09T13:04:43.905Z] 连接热点: 时光荏苒
[2024-11-09T13:04:54.147Z] 查看结果
[2024-11-09T13:04:54.147Z] ————————————————————————————————————————————————————————————————————————
[2024-11-09T13:04:55.852Z] 找到热点: 时光荏苒
[2024-11-09T13:05:00.851Z] 连接热点: 时光荏苒
[2024-11-09T13:05:14.231Z] 找到热点: 时光荏苒
[2024-11-09T13:05:16.977Z] 连接热点: 时光荏苒
[2024-11-09T13:06:14.228Z] 找到热点: 时光荏苒
[2024-11-09T13:06:16.569Z] 连接热点: 时光荏苒
[2024-11-09T13:06:28.340Z] 查看结果
[2024-11-09T13:06:28.340Z] ————————————————————————————————————————————————————————————————————————
[2024-11-09T13:06:30.046Z] 找到热点: 时光荏苒
[2024-11-09T13:06:32.651Z] 连接热点: 时光荏苒
[2024-11-09T13:06:42.808Z] 查看结果
[2024-11-09T13:06:42.808Z] ————————————————————————————————————————————————————————————————————————
[2024-11-09T13:06:44.541Z] 找到热点: 时光荏苒
[2024-11-09T13:06:46.761Z] 连接热点: 时光荏苒
[2024-11-09T13:09:48.935Z] 未找到热点, 重新尝试...
[2024-11-09T13:09:54.103Z] 未找到热点, 重新尝试...
[2024-11-09T13:10:00.972Z] 找到热点: 时光荏苒
[2024-11-09T13:10:03.620Z] 连接热点: 时光荏苒
[2024-11-09T13:10:13.941Z] 查看结果
[2024-11-09T13:10:13.941Z] ————————————————————————————————————————————————————————————————————————
[2024-11-09T13:10:14.208Z] 未找到热点, 重新尝试...
[2024-11-09T13:10:19.966Z] 找到热点: 时光荏苒
[2024-11-09T13:10:22.484Z] 连接热点: 时光荏苒
[2024-11-09T13:10:32.830Z] 查看结果
[2024-11-09T13:10:32.830Z] ————————————————————————————————————————————————————————————————————————
[2024-11-09T13:10:34.576Z] 找到热点: 时光荏苒
[2024-11-09T13:10:39.576Z] 连接热点: 时光荏苒
[2024-11-09T13:10:41.284Z] 中途断开: Error: net::ERR_INTERNET_DISCONNECTED at http://192.168.4.1/
[2024-11-09T13:10:41.491Z] 找到热点: 时光荏苒
[2024-11-09T13:10:43.150Z] 连接热点: 时光荏苒
[2024-11-09T13:10:43.751Z] 中途断开: Error: net::ERR_INTERNET_DISCONNECTED at http://192.168.4.1/
[2024-11-09T13:10:45.622Z] 未找到热点, 重新尝试...
[2024-11-09T13:10:52.828Z] 找到热点: 时光荏苒
[2024-11-09T13:10:55.539Z] 连接热点: 时光荏苒
[2024-11-09T13:11:06.557Z] ————————————————————————————————————————————————————————————————————————
[2024-11-09T13:11:06.557Z] 查看结果
[2024-11-09T13:11:08.323Z] 找到热点: 时光荏苒
[2024-11-09T13:11:10.471Z] 连接热点: 时光荏苒
[2024-11-09T13:11:20.910Z] ————————————————————————————————————————————————————————————————————————
[2024-11-09T13:11:20.910Z] 查看结果
[2024-11-09T13:11:22.661Z] 找到热点: 时光荏苒
[2024-11-09T13:11:24.864Z] 连接热点: 时光荏苒
[2024-11-09T13:11:56.559Z] 中途断开: TimeoutError: Navigation timeout of 30000 ms exceeded
[2024-11-09T13:11:56.748Z] 找到热点: 时光荏苒
[2024-11-09T13:11:58.901Z] 连接热点: 时光荏苒
[2024-11-09T13:12:11.888Z] ————————————————————————————————————————————————————————————————————————
[2024-11-09T13:12:11.888Z] 查看结果
[2024-11-09T13:12:13.730Z] 找到热点: 时光荏苒
[2024-11-09T13:12:18.755Z] 连接热点: 时光荏苒
[2024-11-09T13:12:20.554Z] 中途断开: Error: net::ERR_INTERNET_DISCONNECTED at http://192.168.4.1/
[2024-11-09T13:12:20.746Z] 找到热点: 时光荏苒
[2024-11-09T13:12:22.400Z] 连接热点: 时光荏苒
[2024-11-09T13:12:23.513Z] 中途断开: Error: net::ERR_INTERNET_DISCONNECTED at http://192.168.4.1/
[2024-11-09T13:12:25.425Z] 未找到热点, 重新尝试...
[2024-11-09T13:12:32.684Z] 未找到热点, 重新尝试...
[2024-11-09T13:12:37.879Z] 未找到热点, 重新尝试...
[2024-11-09T13:12:44.430Z] 未找到热点, 重新尝试...
[2024-11-09T13:12:49.976Z] 未找到热点, 重新尝试...
[2024-11-09T13:12:55.180Z] 未找到热点, 重新尝试...
[2024-11-09T13:13:00.386Z] 未找到热点, 重新尝试...
[2024-11-09T13:13:05.921Z] 未找到热点, 重新尝试...
[2024-11-09T13:13:12.484Z] 未找到热点, 重新尝试...
[2024-11-09T13:13:18.033Z] 未找到热点, 重新尝试...
[2024-11-09T13:13:23.246Z] 未找到热点, 重新尝试...
[2024-11-09T13:13:28.450Z] 未找到热点, 重新尝试...
[2024-11-09T13:13:33.656Z] 未找到热点, 重新尝试...
[2024-11-09T13:13:38.861Z] 未找到热点, 重新尝试...
[2024-11-09T13:13:44.065Z] 未找到热点, 重新尝试...
[2024-11-09T13:13:49.272Z] 未找到热点, 重新尝试...
[2024-11-09T13:13:54.478Z] 未找到热点, 重新尝试...
[2024-11-09T13:13:59.651Z] 未找到热点, 重新尝试...
[2024-11-09T13:14:04.854Z] 未找到热点, 重新尝试...
[2024-11-09T13:14:10.026Z] 未找到热点, 重新尝试...
[2024-11-09T13:14:15.199Z] 未找到热点, 重新尝试...
[2024-11-09T13:14:20.404Z] 未找到热点, 重新尝试...
[2024-11-09T13:14:25.584Z] 未找到热点, 重新尝试...
[2024-11-09T13:14:30.762Z] 找到热点: 时光荏苒
[2024-11-09T13:14:33.121Z] 连接热点: 时光荏苒
[2024-11-09T13:14:44.058Z] 查看结果
[2024-11-09T13:14:44.058Z] ————————————————————————————————————————————————————————————————————————
[2024-11-09T13:14:44.281Z] 未找到热点, 重新尝试...
[2024-11-09T13:14:49.487Z] 找到热点: 时光荏苒
[2024-11-09T13:14:54.507Z] 连接热点: 时光荏苒
[2024-11-09T13:14:56.329Z] 中途断开: Error: net::ERR_INTERNET_DISCONNECTED at http://192.168.4.1/
[2024-11-09T13:14:56.532Z] 找到热点: 时光荏苒
[2024-11-09T13:14:58.190Z] 连接热点: 时光荏苒
[2024-11-09T13:14:59.493Z] 中途断开: Error: net::ERR_INTERNET_DISCONNECTED at http://192.168.4.1/
[2024-11-09T13:15:01.382Z] 找到热点: 时光荏苒
[2024-11-09T13:15:03.643Z] 连接热点: 时光荏苒
[2024-11-09T13:15:15.077Z] 查看结果
[2024-11-09T13:15:15.077Z] ————————————————————————————————————————————————————————————————————————
[2024-11-09T13:15:16.966Z] 找到热点: 时光荏苒
[2024-11-09T13:15:20.436Z] 连接热点: 时光荏苒
[2024-11-09T13:15:52.229Z] 中途断开: TimeoutError: Navigation timeout of 30000 ms exceeded
[2024-11-09T13:15:52.434Z] 找到热点: 时光荏苒
[2024-11-09T13:15:54.926Z] 连接热点: 时光荏苒
[2024-11-09T13:16:07.689Z] 查看结果
[2024-11-09T13:16:07.689Z] ————————————————————————————————————————————————————————————————————————
[2024-11-09T13:16:09.406Z] 找到热点: 时光荏苒
[2024-11-09T13:16:14.400Z] 连接热点: 时光荏苒
[2024-11-09T13:16:16.099Z] 中途断开: Error: net::ERR_INTERNET_DISCONNECTED at http://192.168.4.1/
[2024-11-09T13:16:16.288Z] 找到热点: 时光荏苒
[2024-11-09T13:16:17.950Z] 连接热点: 时光荏苒
[2024-11-09T13:16:19.164Z] 中途断开: Error: net::ERR_INTERNET_DISCONNECTED at http://192.168.4.1/
[2024-11-09T13:16:21.036Z] 未找到热点, 重新尝试...
[2024-11-09T13:16:28.166Z] 未找到热点, 重新尝试...
